<?xml version="1.0" encoding="utf-8"?><testsuite errors="0" failures="0" name="pytest" skips="0" tests="20" time="1.894"><testcase classname="" file="tests/test_config.py" line="-1" name="tests.test_config" time="0.02122187614440918"></testcase><testcase classname="" file="tests/test_creator_api.py" line="-1" name="tests.test_creator_api" time="0.0016088485717773438"></testcase><testcase classname="" file="tests/test_database.py" line="-1" name="tests.test_database" time="0.0014269351959228516"></testcase><testcase classname="" file="tests/test_random_quote_api.py" line="-1" name="tests.test_random_quote_api" time="0.005007028579711914"></testcase><testcase classname="tests.test_random_quote_api" file="tests/test_random_quote_api.py" line="10" name="test_random_quote_api_get" time="0.5329291820526123"></testcase><testcase classname="tests.test_random_quote_api" file="tests/test_random_quote_api.py" line="16" name="test_random_quote_api_post" time="0.5142722129821777"></testcase><testcase classname="tests.test_random_quote_api" file="tests/test_random_quote_api.py" line="22" name="test_random_quote_api_with_supplied_number_in_body" time="0.45026278495788574"></testcase><testcase classname="" file="tests/test_retriever_api.py" line="-1" name="tests.test_retriever_api" time="0.0020182132720947266"></testcase><testcase classname="" file="quoter/app.py" line="-1" name="quoter.app" time="0.00506281852722168"></testcase><testcase classname="" file="quoter/app_config.py" line="-1" name="quoter.app_config" time="0.002712726593017578"></testcase><testcase classname="" file="quoter/database.py" line="-1" name="quoter.database" time="0.02016472816467285"></testcase><testcase classname="" file="quoter/database_config.py" line="-1" name="quoter.database_config" time="0.011075973510742188"></testcase><testcase classname="" file="quoter/database_models.py" line="-1" name="quoter.database_models" time="0.005991220474243164"></testcase><testcase classname="" file="quoter/gunicorn_config.py" line="-1" name="quoter.gunicorn_config" time="0.0026302337646484375"></testcase><testcase classname="" file="quoter/logging_config.py" line="-1" name="quoter.logging_config" time="0.006032228469848633"></testcase><testcase classname="" file="quoter/apis/__init__.py" line="-1" name="quoter.apis.__init__" time="0.002801179885864258"></testcase><testcase classname="" file="quoter/apis/api_utils.py" line="-1" name="quoter.apis.api_utils" time="0.008973121643066406"></testcase><testcase classname="" file="quoter/apis/quote_creator.py" line="-1" name="quoter.apis.quote_creator" time="0.020226716995239258"></testcase><testcase classname="" file="quoter/apis/quote_retriever.py" line="-1" name="quoter.apis.quote_retriever" time="0.004725933074951172"></testcase><testcase classname="" file="quoter/apis/random_quote.py" line="-1" name="quoter.apis.random_quote" time="0.006528139114379883"></testcase></testsuite>